exports[`happy path matches the snapshot 1`] = `
<div>
  Hello
</div>
`;
